have_func: checking for rb_enc_interned_str() in ruby/encoding.h... -------------------- yes

PATH=".;C:/Ruby34-x64/lib;C:\Ruby34-x64\bin;C:\Ruby34-x64\msys64\ucrt64\bin;C:\Ruby34-x64\msys64\usr\bin;C:\Program Files (x86)\Common Files\Oracle\Java\java8path;C:\Program Files (x86)\Common Files\Oracle\Java\javapath;C:\WINDOWS\system32;C:\WINDOWS;C:\WINDOWS\System32\Wbem;C:\WINDOWS\System32\WindowsPowerShell\v1.0\;C:\WINDOWS\System32\OpenSSH\;C:\Program Files\NVIDIA Corporation\NVIDIA NvDLISR;C:\Program Files\cursor\resources\app\bin;C:\Program Files\Git\cmd;C:\Program Files\Git\bin;C:\Users\Nadra\AppData\Local\Microsoft\WindowsApps\python.exe;C:\Program Files\GitHub CLI\;C:\Program Files\GitHub CLI\gh.exe;C:\Program Files\Tesseract-OCR\tesseract.exe;C:\Program Files\PuTTY\;C:\Program Files\nodejs\;C:\Users\Nadra\AppData\Local\Microsoft\WindowsApps\python.exe;C:\Users\Nadra\AppData\Local\Python\bin\python.exe;C:\Program Files (x86)\GnuWin32\bin;C:\Program Files\Go\bin;C:\Program Files\Docker\Docker\resources\bin;C:\Ruby34-x64\bin;C:\Users\Nadra\AppData\Local\Microsoft\WindowsApps;C:\Users\Nadra\.fly\bin;C:\Users\Nadra\AppData\Local\Microsoft\WinGet\Packages\Fly-io.flyctl_Microsoft.Winget.Source_8wekyb3d8bbwe;C:\Users\Nadra\AppData\Roaming\npm;C:\Program Files\nodejs;C:\Users\Nadra\AppData\Local\Python\bin;C:\Program Files (x86)\GnuWin32\bin;C:\Users\Nadra\go\bin" ASAN_OPTIONS=detect_leaks=0 "gcc -o conftest.exe -IC:/Ruby34-x64/include/ruby-3.4.0/x64-mingw-ucrt -IC:/Ruby34-x64/include/ruby-3.4.0/ruby/backward -IC:/Ruby34-x64/include/ruby-3.4.0 -I. -D_WIN32_WINNT=0x0600 -D__MINGW_USE_VC2005_COMPAT -D_FILE_OFFSET_BITS=64  -O3 -fstack-protector-strong conftest.c -L. -LC:/Ruby34-x64/lib -L. -pipe -s -fstack-protector-strong -lpthread -Wl,--no-as-needed     -lx64-ucrt-ruby340  -lshell32 -lws2_32 -liphlpapi -limagehlp -lshlwapi -lbcrypt  "
checked program was:
/* begin */
1: #include "ruby.h"
2: 
3: #include <winsock2.h>
4: #include <windows.h>
5: int main(int argc, char **argv)
6: {
7:   return !!argv[argc];
8: }
/* end */

PATH=".;C:/Ruby34-x64/lib;C:\Ruby34-x64\bin;C:\Ruby34-x64\msys64\ucrt64\bin;C:\Ruby34-x64\msys64\usr\bin;C:\Program Files (x86)\Common Files\Oracle\Java\java8path;C:\Program Files (x86)\Common Files\Oracle\Java\javapath;C:\WINDOWS\system32;C:\WINDOWS;C:\WINDOWS\System32\Wbem;C:\WINDOWS\System32\WindowsPowerShell\v1.0\;C:\WINDOWS\System32\OpenSSH\;C:\Program Files\NVIDIA Corporation\NVIDIA NvDLISR;C:\Program Files\cursor\resources\app\bin;C:\Program Files\Git\cmd;C:\Program Files\Git\bin;C:\Users\Nadra\AppData\Local\Microsoft\WindowsApps\python.exe;C:\Program Files\GitHub CLI\;C:\Program Files\GitHub CLI\gh.exe;C:\Program Files\Tesseract-OCR\tesseract.exe;C:\Program Files\PuTTY\;C:\Program Files\nodejs\;C:\Users\Nadra\AppData\Local\Microsoft\WindowsApps\python.exe;C:\Users\Nadra\AppData\Local\Python\bin\python.exe;C:\Program Files (x86)\GnuWin32\bin;C:\Program Files\Go\bin;C:\Program Files\Docker\Docker\resources\bin;C:\Ruby34-x64\bin;C:\Users\Nadra\AppData\Local\Microsoft\WindowsApps;C:\Users\Nadra\.fly\bin;C:\Users\Nadra\AppData\Local\Microsoft\WinGet\Packages\Fly-io.flyctl_Microsoft.Winget.Source_8wekyb3d8bbwe;C:\Users\Nadra\AppData\Roaming\npm;C:\Program Files\nodejs;C:\Users\Nadra\AppData\Local\Python\bin;C:\Program Files (x86)\GnuWin32\bin;C:\Users\Nadra\go\bin" ASAN_OPTIONS=detect_leaks=0 "gcc -o conftest.exe -IC:/Ruby34-x64/include/ruby-3.4.0/x64-mingw-ucrt -IC:/Ruby34-x64/include/ruby-3.4.0/ruby/backward -IC:/Ruby34-x64/include/ruby-3.4.0 -I. -D_WIN32_WINNT=0x0600 -D__MINGW_USE_VC2005_COMPAT -D_FILE_OFFSET_BITS=64  -O3 -fstack-protector-strong conftest.c -L. -LC:/Ruby34-x64/lib -L. -pipe -s -fstack-protector-strong -lpthread -Wl,--no-as-needed     -lx64-ucrt-ruby340  -lshell32 -lws2_32 -liphlpapi -limagehlp -lshlwapi -lbcrypt  "
checked program was:
/* begin */
 1: #include "ruby.h"
 2: 
 3: #include <winsock2.h>
 4: #include <windows.h>
 5: #include <ruby/encoding.h>
 6: 
 7: /*top*/
 8: extern int t(void);
 9: int main(int argc, char **argv)
10: {
11:   if (argc > 1000000) {
12:     int (* volatile tp)(void)=(int (*)(void))&t;
13:     printf("%d", (*tp)());
14:   }
15: 
16:   return !!argv[argc];
17: }
18: int t(void) { void ((*volatile p)()); p = (void ((*)()))rb_enc_interned_str; return !p; }
/* end */

--------------------

have_func: checking for rb_str_to_interned_str() in ruby.h... -------------------- yes

PATH=".;C:/Ruby34-x64/lib;C:\Ruby34-x64\bin;C:\Ruby34-x64\msys64\ucrt64\bin;C:\Ruby34-x64\msys64\usr\bin;C:\Program Files (x86)\Common Files\Oracle\Java\java8path;C:\Program Files (x86)\Common Files\Oracle\Java\javapath;C:\WINDOWS\system32;C:\WINDOWS;C:\WINDOWS\System32\Wbem;C:\WINDOWS\System32\WindowsPowerShell\v1.0\;C:\WINDOWS\System32\OpenSSH\;C:\Program Files\NVIDIA Corporation\NVIDIA NvDLISR;C:\Program Files\cursor\resources\app\bin;C:\Program Files\Git\cmd;C:\Program Files\Git\bin;C:\Users\Nadra\AppData\Local\Microsoft\WindowsApps\python.exe;C:\Program Files\GitHub CLI\;C:\Program Files\GitHub CLI\gh.exe;C:\Program Files\Tesseract-OCR\tesseract.exe;C:\Program Files\PuTTY\;C:\Program Files\nodejs\;C:\Users\Nadra\AppData\Local\Microsoft\WindowsApps\python.exe;C:\Users\Nadra\AppData\Local\Python\bin\python.exe;C:\Program Files (x86)\GnuWin32\bin;C:\Program Files\Go\bin;C:\Program Files\Docker\Docker\resources\bin;C:\Ruby34-x64\bin;C:\Users\Nadra\AppData\Local\Microsoft\WindowsApps;C:\Users\Nadra\.fly\bin;C:\Users\Nadra\AppData\Local\Microsoft\WinGet\Packages\Fly-io.flyctl_Microsoft.Winget.Source_8wekyb3d8bbwe;C:\Users\Nadra\AppData\Roaming\npm;C:\Program Files\nodejs;C:\Users\Nadra\AppData\Local\Python\bin;C:\Program Files (x86)\GnuWin32\bin;C:\Users\Nadra\go\bin" ASAN_OPTIONS=detect_leaks=0 "gcc -o conftest.exe -IC:/Ruby34-x64/include/ruby-3.4.0/x64-mingw-ucrt -IC:/Ruby34-x64/include/ruby-3.4.0/ruby/backward -IC:/Ruby34-x64/include/ruby-3.4.0 -I. -D_WIN32_WINNT=0x0600 -D__MINGW_USE_VC2005_COMPAT -D_FILE_OFFSET_BITS=64  -O3 -fstack-protector-strong conftest.c -L. -LC:/Ruby34-x64/lib -L. -pipe -s -fstack-protector-strong -lpthread -Wl,--no-as-needed     -lx64-ucrt-ruby340  -lshell32 -lws2_32 -liphlpapi -limagehlp -lshlwapi -lbcrypt  "
checked program was:
/* begin */
 1: #include "ruby.h"
 2: 
 3: #include <winsock2.h>
 4: #include <windows.h>
 5: #include <ruby.h>
 6: 
 7: /*top*/
 8: extern int t(void);
 9: int main(int argc, char **argv)
10: {
11:   if (argc > 1000000) {
12:     int (* volatile tp)(void)=(int (*)(void))&t;
13:     printf("%d", (*tp)());
14:   }
15: 
16:   return !!argv[argc];
17: }
18: int t(void) { void ((*volatile p)()); p = (void ((*)()))rb_str_to_interned_str; return !p; }
/* end */

--------------------

have_func: checking for rb_hash_new_capa() in ruby.h... -------------------- yes

PATH=".;C:/Ruby34-x64/lib;C:\Ruby34-x64\bin;C:\Ruby34-x64\msys64\ucrt64\bin;C:\Ruby34-x64\msys64\usr\bin;C:\Program Files (x86)\Common Files\Oracle\Java\java8path;C:\Program Files (x86)\Common Files\Oracle\Java\javapath;C:\WINDOWS\system32;C:\WINDOWS;C:\WINDOWS\System32\Wbem;C:\WINDOWS\System32\WindowsPowerShell\v1.0\;C:\WINDOWS\System32\OpenSSH\;C:\Program Files\NVIDIA Corporation\NVIDIA NvDLISR;C:\Program Files\cursor\resources\app\bin;C:\Program Files\Git\cmd;C:\Program Files\Git\bin;C:\Users\Nadra\AppData\Local\Microsoft\WindowsApps\python.exe;C:\Program Files\GitHub CLI\;C:\Program Files\GitHub CLI\gh.exe;C:\Program Files\Tesseract-OCR\tesseract.exe;C:\Program Files\PuTTY\;C:\Program Files\nodejs\;C:\Users\Nadra\AppData\Local\Microsoft\WindowsApps\python.exe;C:\Users\Nadra\AppData\Local\Python\bin\python.exe;C:\Program Files (x86)\GnuWin32\bin;C:\Program Files\Go\bin;C:\Program Files\Docker\Docker\resources\bin;C:\Ruby34-x64\bin;C:\Users\Nadra\AppData\Local\Microsoft\WindowsApps;C:\Users\Nadra\.fly\bin;C:\Users\Nadra\AppData\Local\Microsoft\WinGet\Packages\Fly-io.flyctl_Microsoft.Winget.Source_8wekyb3d8bbwe;C:\Users\Nadra\AppData\Roaming\npm;C:\Program Files\nodejs;C:\Users\Nadra\AppData\Local\Python\bin;C:\Program Files (x86)\GnuWin32\bin;C:\Users\Nadra\go\bin" ASAN_OPTIONS=detect_leaks=0 "gcc -o conftest.exe -IC:/Ruby34-x64/include/ruby-3.4.0/x64-mingw-ucrt -IC:/Ruby34-x64/include/ruby-3.4.0/ruby/backward -IC:/Ruby34-x64/include/ruby-3.4.0 -I. -D_WIN32_WINNT=0x0600 -D__MINGW_USE_VC2005_COMPAT -D_FILE_OFFSET_BITS=64  -O3 -fstack-protector-strong conftest.c -L. -LC:/Ruby34-x64/lib -L. -pipe -s -fstack-protector-strong -lpthread -Wl,--no-as-needed     -lx64-ucrt-ruby340  -lshell32 -lws2_32 -liphlpapi -limagehlp -lshlwapi -lbcrypt  "
checked program was:
/* begin */
 1: #include "ruby.h"
 2: 
 3: #include <winsock2.h>
 4: #include <windows.h>
 5: #include <ruby.h>
 6: 
 7: /*top*/
 8: extern int t(void);
 9: int main(int argc, char **argv)
10: {
11:   if (argc > 1000000) {
12:     int (* volatile tp)(void)=(int (*)(void))&t;
13:     printf("%d", (*tp)());
14:   }
15: 
16:   return !!argv[argc];
17: }
18: int t(void) { void ((*volatile p)()); p = (void ((*)()))rb_hash_new_capa; return !p; }
/* end */

--------------------

have_func: checking for rb_hash_bulk_insert() in ruby.h... -------------------- yes

PATH=".;C:/Ruby34-x64/lib;C:\Ruby34-x64\bin;C:\Ruby34-x64\msys64\ucrt64\bin;C:\Ruby34-x64\msys64\usr\bin;C:\Program Files (x86)\Common Files\Oracle\Java\java8path;C:\Program Files (x86)\Common Files\Oracle\Java\javapath;C:\WINDOWS\system32;C:\WINDOWS;C:\WINDOWS\System32\Wbem;C:\WINDOWS\System32\WindowsPowerShell\v1.0\;C:\WINDOWS\System32\OpenSSH\;C:\Program Files\NVIDIA Corporation\NVIDIA NvDLISR;C:\Program Files\cursor\resources\app\bin;C:\Program Files\Git\cmd;C:\Program Files\Git\bin;C:\Users\Nadra\AppData\Local\Microsoft\WindowsApps\python.exe;C:\Program Files\GitHub CLI\;C:\Program Files\GitHub CLI\gh.exe;C:\Program Files\Tesseract-OCR\tesseract.exe;C:\Program Files\PuTTY\;C:\Program Files\nodejs\;C:\Users\Nadra\AppData\Local\Microsoft\WindowsApps\python.exe;C:\Users\Nadra\AppData\Local\Python\bin\python.exe;C:\Program Files (x86)\GnuWin32\bin;C:\Program Files\Go\bin;C:\Program Files\Docker\Docker\resources\bin;C:\Ruby34-x64\bin;C:\Users\Nadra\AppData\Local\Microsoft\WindowsApps;C:\Users\Nadra\.fly\bin;C:\Users\Nadra\AppData\Local\Microsoft\WinGet\Packages\Fly-io.flyctl_Microsoft.Winget.Source_8wekyb3d8bbwe;C:\Users\Nadra\AppData\Roaming\npm;C:\Program Files\nodejs;C:\Users\Nadra\AppData\Local\Python\bin;C:\Program Files (x86)\GnuWin32\bin;C:\Users\Nadra\go\bin" ASAN_OPTIONS=detect_leaks=0 "gcc -o conftest.exe -IC:/Ruby34-x64/include/ruby-3.4.0/x64-mingw-ucrt -IC:/Ruby34-x64/include/ruby-3.4.0/ruby/backward -IC:/Ruby34-x64/include/ruby-3.4.0 -I. -D_WIN32_WINNT=0x0600 -D__MINGW_USE_VC2005_COMPAT -D_FILE_OFFSET_BITS=64  -O3 -fstack-protector-strong conftest.c -L. -LC:/Ruby34-x64/lib -L. -pipe -s -fstack-protector-strong -lpthread -Wl,--no-as-needed     -lx64-ucrt-ruby340  -lshell32 -lws2_32 -liphlpapi -limagehlp -lshlwapi -lbcrypt  "
checked program was:
/* begin */
 1: #include "ruby.h"
 2: 
 3: #include <winsock2.h>
 4: #include <windows.h>
 5: #include <ruby.h>
 6: 
 7: /*top*/
 8: extern int t(void);
 9: int main(int argc, char **argv)
10: {
11:   if (argc > 1000000) {
12:     int (* volatile tp)(void)=(int (*)(void))&t;
13:     printf("%d", (*tp)());
14:   }
15: 
16:   return !!argv[argc];
17: }
18: int t(void) { void ((*volatile p)()); p = (void ((*)()))rb_hash_bulk_insert; return !p; }
/* end */

--------------------

append_cflags: checking for whether -std=c99 is accepted as CFLAGS... -------------------- yes

PATH=".;C:/Ruby34-x64/lib;C:\Ruby34-x64\bin;C:\Ruby34-x64\msys64\ucrt64\bin;C:\Ruby34-x64\msys64\usr\bin;C:\Program Files (x86)\Common Files\Oracle\Java\java8path;C:\Program Files (x86)\Common Files\Oracle\Java\javapath;C:\WINDOWS\system32;C:\WINDOWS;C:\WINDOWS\System32\Wbem;C:\WINDOWS\System32\WindowsPowerShell\v1.0\;C:\WINDOWS\System32\OpenSSH\;C:\Program Files\NVIDIA Corporation\NVIDIA NvDLISR;C:\Program Files\cursor\resources\app\bin;C:\Program Files\Git\cmd;C:\Program Files\Git\bin;C:\Users\Nadra\AppData\Local\Microsoft\WindowsApps\python.exe;C:\Program Files\GitHub CLI\;C:\Program Files\GitHub CLI\gh.exe;C:\Program Files\Tesseract-OCR\tesseract.exe;C:\Program Files\PuTTY\;C:\Program Files\nodejs\;C:\Users\Nadra\AppData\Local\Microsoft\WindowsApps\python.exe;C:\Users\Nadra\AppData\Local\Python\bin\python.exe;C:\Program Files (x86)\GnuWin32\bin;C:\Program Files\Go\bin;C:\Program Files\Docker\Docker\resources\bin;C:\Ruby34-x64\bin;C:\Users\Nadra\AppData\Local\Microsoft\WindowsApps;C:\Users\Nadra\.fly\bin;C:\Users\Nadra\AppData\Local\Microsoft\WinGet\Packages\Fly-io.flyctl_Microsoft.Winget.Source_8wekyb3d8bbwe;C:\Users\Nadra\AppData\Roaming\npm;C:\Program Files\nodejs;C:\Users\Nadra\AppData\Local\Python\bin;C:\Program Files (x86)\GnuWin32\bin;C:\Users\Nadra\go\bin" ASAN_OPTIONS=detect_leaks=0 "gcc -IC:/Ruby34-x64/include/ruby-3.4.0/x64-mingw-ucrt -IC:/Ruby34-x64/include/ruby-3.4.0/ruby/backward -IC:/Ruby34-x64/include/ruby-3.4.0 -I. -D_WIN32_WINNT=0x0600 -D__MINGW_USE_VC2005_COMPAT -D_FILE_OFFSET_BITS=64  -O3 -fstack-protector-strong  -std=c99 -Werror -c conftest.c"
checked program was:
/* begin */
1: #include "ruby.h"
2: 
3: #include <winsock2.h>
4: #include <windows.h>
5: int main(int argc, char **argv)
6: {
7:   return !!argv[argc];
8: }
/* end */

--------------------

have_header: checking for x86intrin.h... -------------------- yes

PATH=".;C:/Ruby34-x64/lib;C:\Ruby34-x64\bin;C:\Ruby34-x64\msys64\ucrt64\bin;C:\Ruby34-x64\msys64\usr\bin;C:\Program Files (x86)\Common Files\Oracle\Java\java8path;C:\Program Files (x86)\Common Files\Oracle\Java\javapath;C:\WINDOWS\system32;C:\WINDOWS;C:\WINDOWS\System32\Wbem;C:\WINDOWS\System32\WindowsPowerShell\v1.0\;C:\WINDOWS\System32\OpenSSH\;C:\Program Files\NVIDIA Corporation\NVIDIA NvDLISR;C:\Program Files\cursor\resources\app\bin;C:\Program Files\Git\cmd;C:\Program Files\Git\bin;C:\Users\Nadra\AppData\Local\Microsoft\WindowsApps\python.exe;C:\Program Files\GitHub CLI\;C:\Program Files\GitHub CLI\gh.exe;C:\Program Files\Tesseract-OCR\tesseract.exe;C:\Program Files\PuTTY\;C:\Program Files\nodejs\;C:\Users\Nadra\AppData\Local\Microsoft\WindowsApps\python.exe;C:\Users\Nadra\AppData\Local\Python\bin\python.exe;C:\Program Files (x86)\GnuWin32\bin;C:\Program Files\Go\bin;C:\Program Files\Docker\Docker\resources\bin;C:\Ruby34-x64\bin;C:\Users\Nadra\AppData\Local\Microsoft\WindowsApps;C:\Users\Nadra\.fly\bin;C:\Users\Nadra\AppData\Local\Microsoft\WinGet\Packages\Fly-io.flyctl_Microsoft.Winget.Source_8wekyb3d8bbwe;C:\Users\Nadra\AppData\Roaming\npm;C:\Program Files\nodejs;C:\Users\Nadra\AppData\Local\Python\bin;C:\Program Files (x86)\GnuWin32\bin;C:\Users\Nadra\go\bin" ASAN_OPTIONS=detect_leaks=0 "gcc -IC:/Ruby34-x64/include/ruby-3.4.0/x64-mingw-ucrt -IC:/Ruby34-x64/include/ruby-3.4.0/ruby/backward -IC:/Ruby34-x64/include/ruby-3.4.0 -I. -D_WIN32_WINNT=0x0600 -D__MINGW_USE_VC2005_COMPAT -D_FILE_OFFSET_BITS=64  -O3 -fstack-protector-strong -std=c99   -c conftest.c"
checked program was:
/* begin */
1: #include "ruby.h"
2: 
3: #include <winsock2.h>
4: #include <windows.h>
5: #include <x86intrin.h>
/* end */

--------------------

PATH=".;C:/Ruby34-x64/lib;C:\Ruby34-x64\bin;C:\Ruby34-x64\msys64\ucrt64\bin;C:\Ruby34-x64\msys64\usr\bin;C:\Program Files (x86)\Common Files\Oracle\Java\java8path;C:\Program Files (x86)\Common Files\Oracle\Java\javapath;C:\WINDOWS\system32;C:\WINDOWS;C:\WINDOWS\System32\Wbem;C:\WINDOWS\System32\WindowsPowerShell\v1.0\;C:\WINDOWS\System32\OpenSSH\;C:\Program Files\NVIDIA Corporation\NVIDIA NvDLISR;C:\Program Files\cursor\resources\app\bin;C:\Program Files\Git\cmd;C:\Program Files\Git\bin;C:\Users\Nadra\AppData\Local\Microsoft\WindowsApps\python.exe;C:\Program Files\GitHub CLI\;C:\Program Files\GitHub CLI\gh.exe;C:\Program Files\Tesseract-OCR\tesseract.exe;C:\Program Files\PuTTY\;C:\Program Files\nodejs\;C:\Users\Nadra\AppData\Local\Microsoft\WindowsApps\python.exe;C:\Users\Nadra\AppData\Local\Python\bin\python.exe;C:\Program Files (x86)\GnuWin32\bin;C:\Program Files\Go\bin;C:\Program Files\Docker\Docker\resources\bin;C:\Ruby34-x64\bin;C:\Users\Nadra\AppData\Local\Microsoft\WindowsApps;C:\Users\Nadra\.fly\bin;C:\Users\Nadra\AppData\Local\Microsoft\WinGet\Packages\Fly-io.flyctl_Microsoft.Winget.Source_8wekyb3d8bbwe;C:\Users\Nadra\AppData\Roaming\npm;C:\Program Files\nodejs;C:\Users\Nadra\AppData\Local\Python\bin;C:\Program Files (x86)\GnuWin32\bin;C:\Users\Nadra\go\bin" ASAN_OPTIONS=detect_leaks=0 "gcc -IC:/Ruby34-x64/include/ruby-3.4.0/x64-mingw-ucrt -IC:/Ruby34-x64/include/ruby-3.4.0/ruby/backward -IC:/Ruby34-x64/include/ruby-3.4.0 -I. -D_WIN32_WINNT=0x0600 -D__MINGW_USE_VC2005_COMPAT -D_FILE_OFFSET_BITS=64  -O3 -fstack-protector-strong -std=c99  -Werror=implicit-function-declaration -c conftest.c"
checked program was:
/* begin */
 1: #include "ruby.h"
 2: 
 3: #include <winsock2.h>
 4: #include <windows.h>
 5: #include <x86intrin.h>
 6: 
 7: int main(int argc, char **argv) {
 8:   __m128i test = _mm_set1_epi8(32);
 9:   if (__builtin_cpu_supports("sse2")) { printf("OK"); }
10:   if (argc > 100000) printf("%p", &test);
11:   return 0;
12: }
/* end */

have_header: checking for cpuid.h... -------------------- yes

PATH=".;C:/Ruby34-x64/lib;C:\Ruby34-x64\bin;C:\Ruby34-x64\msys64\ucrt64\bin;C:\Ruby34-x64\msys64\usr\bin;C:\Program Files (x86)\Common Files\Oracle\Java\java8path;C:\Program Files (x86)\Common Files\Oracle\Java\javapath;C:\WINDOWS\system32;C:\WINDOWS;C:\WINDOWS\System32\Wbem;C:\WINDOWS\System32\WindowsPowerShell\v1.0\;C:\WINDOWS\System32\OpenSSH\;C:\Program Files\NVIDIA Corporation\NVIDIA NvDLISR;C:\Program Files\cursor\resources\app\bin;C:\Program Files\Git\cmd;C:\Program Files\Git\bin;C:\Users\Nadra\AppData\Local\Microsoft\WindowsApps\python.exe;C:\Program Files\GitHub CLI\;C:\Program Files\GitHub CLI\gh.exe;C:\Program Files\Tesseract-OCR\tesseract.exe;C:\Program Files\PuTTY\;C:\Program Files\nodejs\;C:\Users\Nadra\AppData\Local\Microsoft\WindowsApps\python.exe;C:\Users\Nadra\AppData\Local\Python\bin\python.exe;C:\Program Files (x86)\GnuWin32\bin;C:\Program Files\Go\bin;C:\Program Files\Docker\Docker\resources\bin;C:\Ruby34-x64\bin;C:\Users\Nadra\AppData\Local\Microsoft\WindowsApps;C:\Users\Nadra\.fly\bin;C:\Users\Nadra\AppData\Local\Microsoft\WinGet\Packages\Fly-io.flyctl_Microsoft.Winget.Source_8wekyb3d8bbwe;C:\Users\Nadra\AppData\Roaming\npm;C:\Program Files\nodejs;C:\Users\Nadra\AppData\Local\Python\bin;C:\Program Files (x86)\GnuWin32\bin;C:\Users\Nadra\go\bin" ASAN_OPTIONS=detect_leaks=0 "gcc -IC:/Ruby34-x64/include/ruby-3.4.0/x64-mingw-ucrt -IC:/Ruby34-x64/include/ruby-3.4.0/ruby/backward -IC:/Ruby34-x64/include/ruby-3.4.0 -I. -D_WIN32_WINNT=0x0600 -D__MINGW_USE_VC2005_COMPAT -D_FILE_OFFSET_BITS=64  -O3 -fstack-protector-strong -std=c99   -c conftest.c"
checked program was:
/* begin */
1: #include "ruby.h"
2: 
3: #include <winsock2.h>
4: #include <windows.h>
5: #include <cpuid.h>
/* end */

--------------------

